// Jest Snapshot v1, https://goo.gl/fbAQLP

exports[`Albums Component should render data in albums 1`] = `
<View
  style={Object {}}
>
  <RCTScrollView
    collapsable={false}
    horizontal={true}
    onGestureHandlerEvent={[Function]}
    onGestureHandlerStateChange={[Function]}
    showsHorizontalScrollIndicator={false}
  >
    <View>
      <RNGestureHandlerButton
        collapsable={false}
        onGestureEvent={[Function]}
        onGestureHandlerEvent={[Function]}
        onGestureHandlerStateChange={[Function]}
        onHandlerStateChange={[Function]}
        rippleColor={0}
        style={
          Array [
            Object {
              "overflow": "hidden",
            },
            undefined,
          ]
        }
      >
        <View
          accessible={true}
          style={
            Object {
              "opacity": 1,
            }
          }
        >
          <View
            style={
              Object {
                "backgroundColor": "#fafafa",
                "borderColor": "#888",
                "borderWidth": 0.5,
                "height": 60,
                "marginRight": 20,
                "padding": 2,
                "width": 60,
              }
            }
          >
            <Text
              numberOfLines={3}
              style={
                Object {
                  "color": "#666",
                  "fontSize": 10,
                }
              }
            >
              Bob and the Bobsleigh
            </Text>
          </View>
        </View>
      </RNGestureHandlerButton>
    </View>
  </RCTScrollView>
</View>
`;
